
> Configure project :app
WARNING: The option setting 'android.disallowKotlinSourceSets=false' is experimental.
The current default is 'true'.

> Task :app:preBuild UP-TO-DATE
> Task :app:preDebugBuild UP-TO-DATE
> Task :app:generateDebugBuildConfig
> Task :app:generateDebugResources
> Task :app:packageDebugResources
> Task :app:processDebugNavigationResources
> Task :app:parseDebugLocalResources
> Task :app:javaPreCompileDebug
> Task :app:generateDebugRFile
> Task :app:checkDebugAarMetadata
> Task :app:mapDebugSourceSetPaths
> Task :app:compileDebugNavigationResources
> Task :app:createDebugCompatibleScreenManifests
> Task :app:extractDeepLinksDebug
> Task :app:processDebugMainManifest
> Task :app:processDebugManifest
> Task :app:mergeDebugResources
> Task :app:preDebugAndroidTestBuild SKIPPED
> Task :app:processDebugAndroidTestManifest
> Task :app:generateDebugAndroidTestBuildConfig
> Task :app:generateDebugAndroidTestResources
> Task :app:packageDebugAndroidTestResources
> Task :app:processDebugAndroidTestNavigationResources
> Task :app:generateDebugAssets UP-TO-DATE
> Task :app:javaPreCompileDebugAndroidTest
> Task :app:parseDebugAndroidTestLocalResources
> Task :app:mergeDebugAssets
> Task :app:generateDebugAndroidTestRFile
> Task :app:desugarDebugFileDependencies
> Task :app:mergeDebugJniLibFolders
> Task :app:compressDebugAssets
> Task :app:validateSigningDebug
> Task :app:writeDebugAppMetadata
> Task :app:writeDebugSigningConfigVersions
> Task :app:generateDebugAndroidTestAssets UP-TO-DATE
> Task :app:mergeDebugNativeLibs
> Task :app:mergeDebugAndroidTestAssets
> Task :app:checkDebugDuplicateClasses
> Task :app:desugarDebugAndroidTestFileDependencies

> Task :app:stripDebugDebugSymbols
Unable to strip the following libraries, packaging them as they are: libandroidx.graphics.path.so, libdatastore_shared_counter.so. Run with --info option to learn more.

> Task :app:compressDebugAndroidTestAssets
> Task :app:mapDebugAndroidTestSourceSetPaths
> Task :app:checkDebugAndroidTestAarMetadata
> Task :app:compileDebugAndroidTestNavigationResources
> Task :app:mergeLibDexDebug
> Task :app:mergeDebugAndroidTestJniLibFolders
> Task :app:mergeDebugAndroidTestNativeLibs NO-SOURCE
> Task :app:stripDebugAndroidTestDebugSymbols NO-SOURCE
> Task :app:validateSigningDebugAndroidTest
> Task :app:writeDebugAndroidTestSigningConfigVersions
> Task :app:processDebugManifestForPackage
> Task :app:checkDebugAndroidTestDuplicateClasses
> Task :app:mergeDebugAndroidTestResources
> Task :app:mergeLibDexDebugAndroidTest
> Task :app:processDebugAndroidTestResources
> Task :app:mergeExtDexDebugAndroidTest
> Task :app:processDebugResources
> Task :app:kspDebugKotlin
> Task :app:mergeExtDexDebug
> Task :app:compileDebugKotlin
> Task :app:compileDebugJavaWithJavac
> Task :app:bundleDebugClassesToCompileJar
> Task :app:dexBuilderDebug
> Task :app:processDebugJavaRes
> Task :app:mergeDebugGlobalSynthetics
> Task :app:mergeProjectDexDebug
> Task :app:mergeDebugJavaResource
> Task :app:kspDebugAndroidTestKotlin
> Task :app:packageDebug
> Task :app:createDebugApkListingFileRedirect
> Task :app:compileDebugAndroidTestKotlin
> Task :app:compileDebugAndroidTestJavaWithJavac
> Task :app:dexBuilderDebugAndroidTest
> Task :app:processDebugAndroidTestJavaRes
> Task :app:mergeDebugAndroidTestGlobalSynthetics
> Task :app:mergeProjectDexDebugAndroidTest
> Task :app:mergeDebugAndroidTestJavaResource
> Task :app:packageDebugAndroidTest
> Task :app:createDebugAndroidTestApkListingFileRedirect
Starting 2 tests on qaApi36(AVD) - 16
qaApi36(AVD) - 16 Tests 0/2 completed. (0 skipped) (0 failed)
qaApi36(AVD) - 16 Tests 1/2 completed. (0 skipped) (0 failed)
> Task :app:connectedDebugAndroidTest

Finished 2 tests on qaApi36(AVD) - 16

BUILD SUCCESSFUL in 41s
73 actionable tasks: 73 executed
Consider enabling configuration cache to speed up this build: https://docs.gradle.org/9.3.1/userguide/configuration_cache_enabling.html
